// Jest Snapshot v1, https://goo.gl/fbAQLP

exports[`OrderInnerItem Component should be rendered 1`] = `
<Card
  as="div"
  body={false}
  className="p-0 "
>
  <CardHeader>
    <CardText>
      admin
    </CardText>
  </CardHeader>
  <CardBody>
    <CardText>
      Price was:
      1222
    </CardText>
  </CardBody>
</Card>
`;
