// Jest Snapshot v1, https://goo.gl/fbAQLP

exports[`NavBarAdminPanel --- Snapshot +++capturing Snapshot of ShoppingBasket 1`] = `
<Container
  as="div"
  fluid={false}
>
  <Bootstrap(undefined)>
    <Nav
      as="div"
      fill={false}
      justify={false}
    >
      <NavItem
        as="div"
      >
        <NavLink
          className="p-3"
          exact={true}
          to="/adminpanel/goods"
        >
          Goods
        </NavLink>
      </NavItem>
      <NavItem
        as="div"
      >
        <NavLink
          className="p-3"
          to="/adminpanel/users"
        >
          Users
        </NavLink>
      </NavItem>
      <NavItem
        as="div"
      >
        <NavLink
          className="p-3"
          to="/adminpanel/catalogue"
        >
          Catalogue
        </NavLink>
      </NavItem>
    </Nav>
  </Bootstrap(undefined)>
</Container>
`;
