// Jest Snapshot v1, https://goo.gl/fbAQLP

exports[`Navigation  +++ component must be created 1`] = `
<Bootstrap(undefined)
  className="w-100"
>
  <Nav
    as="div"
    className="d-flex align-items-center"
    fill={false}
    justify={false}
  >
    <NavItem
      as="div"
    >
      <NavLink
        className="p-3"
        to="/"
      >
        Home
      </NavLink>
    </NavItem>
    <NavItem
      as="div"
    >
      <NavLink
        className="p-3"
        to="/about"
      >
        About
      </NavLink>
    </NavItem>
    <NavItem
      as="div"
    >
      <NavLink
        className="p-3"
        to="/catalogue"
      >
        Catalogue
      </NavLink>
    </NavItem>
    <NavItem
      as="div"
    >
      <NavLink
        className="p-3"
        to="/contacts"
      >
        Contacts
      </NavLink>
    </NavItem>
  </Nav>
</Bootstrap(undefined)>
`;
