// Jest Snapshot v1, https://goo.gl/fbAQLP

exports[`ControlCatalogue --- Snapshot Component must be rendered 1`] = `
<Container
  as="div"
  fluid={false}
>
  <Bootstrap(Row)>
    <Col
      as="div"
    >
      <Button
        active={false}
        disabled={false}
        onClick={[Function]}
        type="button"
        variant="primary"
      >
        Add
      </Button>
    </Col>
  </Bootstrap(Row)>
  <Bootstrap(Row)>
    <Col
      as="div"
      xs="3"
    >
      <ConnectFunction
        data={Array []}
        editCatalogueItem={[Function]}
        name="data"
        showEditForm={[Function]}
      />
    </Col>
    <Col
      as="div"
    />
  </Bootstrap(Row)>
</Container>
`;
