// Jest Snapshot v1, https://goo.gl/fbAQLP

exports[`Catalogue Component must be rendered 1`] = `
<Container
  as="div"
  fluid={false}
>
  <Bootstrap(Row)>
    <Col
      as="div"
      sm="auto"
    >
      <BreadCrumbs
        handleClick={[Function]}
        obj={Array []}
      />
    </Col>
  </Bootstrap(Row)>
  <Bootstrap(Row)>
    <Col
      as="div"
      sm="auto"
    >
      <CatalogueMenu
        handleClick={[Function]}
        obj={Object {}}
        requestGoods={[Function]}
      />
    </Col>
    <Col
      as="div"
    >
      <Goods
        obj={Array []}
      />
    </Col>
  </Bootstrap(Row)>
</Container>
`;
