// Jest Snapshot v1, https://goo.gl/fbAQLP

exports[`UserItem --- Snapshot Component must be rendered 1`] = `
<Card
  as="div"
  body={false}
>
  <CardHeader>
    <Button
      active={false}
      disabled={false}
      onClick={[Function]}
      type="button"
      variant="light"
    >
      <i
        className="far fa-edit"
      />
    </Button>
    <Button
      active={false}
      disabled={false}
      onClick={[Function]}
      type="button"
      variant="light"
    >
      <i
        className="fas fa-trash-alt"
      />
    </Button>
  </CardHeader>
  <CardBody>
    <CardTitle>
      User
    </CardTitle>
    <CardSubtitle
      className="mb-2 text-muted"
    >
      Admin
    </CardSubtitle>
  </CardBody>
</Card>
`;
