// Jest Snapshot v1, https://goo.gl/fbAQLP

exports[`Order Component should be rendered 1`] = `
<Card
  as="div"
  body={false}
  className="mb-3"
>
  <CardHeader
    className="d-flex align-items-center justify-content-between"
  >
    <CardText
      className="mb-0"
    >
      Order #
      5
    </CardText>
    <Button
      active={false}
      aria-controls="collapse-cards-5"
      aria-expanded={false}
      disabled={false}
      onClick={[Function]}
      type="button"
      variant="light"
    >
      <i
        className="fas fa-chevron-down"
      />
    </Button>
  </CardHeader>
  <CardBody
    className="d-flex flex-wrap justify-content-start  p-0"
  >
    <Collapse
      appear={false}
      dimension="height"
      getDimensionValue={[Function]}
      in={false}
      mountOnEnter={false}
      timeout={300}
      unmountOnExit={false}
    >
      <CardGroup>
        <OrderInnerItem
          key="1-Honda civic"
          obj={
            Object {
              "catalogue_id_catalogue": 4,
              "description": "Lorem ipsum dolor sit amet consectetur adipisicing elit. Blanditiis         provident quo quaerat repellat fuga debitis nemo voluptates quis voluptate, dolorem modi non?         Nisi, maxime a.",
              "idgoods": 1,
              "name": "Honda civic",
              "price": 2000,
            }
          }
        />
        <OrderInnerItem
          key="7-Opel Omega"
          obj={
            Object {
              "catalogue_id_catalogue": 4,
              "description": "Lorem ipsum dolor sit amet consectetur adipisicing elit. Blanditiis provident         quo quaerat repellat fuga debitis nemo voluptates quis voluptate, dolorem modi non? Nisi, maxime a.",
              "idgoods": 7,
              "name": "Opel Omega",
              "price": 31225,
            }
          }
        />
      </CardGroup>
    </Collapse>
  </CardBody>
</Card>
`;
