// Jest Snapshot v1, https://goo.gl/fbAQLP

exports[`LoginForm Component must be created 1`] = `
<Bootstrap(Modal)
  centered={true}
  keyboard={true}
  onEntering={[Function]}
  onExiting={[Function]}
  onHide={[Function]}
  show={true}
>
  <ModalHeader
    closeButton={true}
    closeLabel="Close"
  >
    <h4>
      LoginForm
    </h4>
  </ModalHeader>
  <ModalBody>
    <Form
      as="form"
      className="ml-auto"
      inline={false}
    >
      <FormRow
        className="d-flex align-items-center justify-content-end"
      >
        <FormGroup
          as={
            Object {
              "$$typeof": Symbol(react.forward_ref),
              "defaultProps": Object {
                "as": "div",
              },
              "displayName": "Col",
              "render": [Function],
            }
          }
          className="col mb-0"
          controlId="formGridEmail"
        >
          <FormControl
            as="input"
            defaultValue="test@test.com"
            onKeyDown={[Function]}
            placeholder="Enter email"
            size="sm"
            type="email"
          />
        </FormGroup>
        <FormGroup
          as={
            Object {
              "$$typeof": Symbol(react.forward_ref),
              "defaultProps": Object {
                "as": "div",
              },
              "displayName": "Col",
              "render": [Function],
            }
          }
          className="col mb-0"
          controlId="formGridPassword"
        >
          <FormControl
            as="input"
            onKeyDown={[Function]}
            placeholder="Password"
            size="sm"
            type="password"
          />
        </FormGroup>
        <Col
          as="div"
          className="d-flex align-items-center"
        >
          <Button
            active={false}
            disabled={false}
            id="buttonLoginForm"
            onClick={[Function]}
            size="sm"
            type="button"
            variant="secondary"
          >
            Login
          </Button>
          <NavLink
            className="d-block p-3"
            to="/registration"
          >
            Registration
          </NavLink>
        </Col>
      </FormRow>
    </Form>
  </ModalBody>
</Bootstrap(Modal)>
`;
