// Jest Snapshot v1, https://goo.gl/fbAQLP

exports[`UserProfile --- Snapshot +++capturing Snapshot of ShoppingBascket 1`] = `
<Container
  as="div"
  fluid={false}
>
  <h3>
    User Profile:
  </h3>
  <p>
    <b>
      Name:
    </b>
     
    Admin
    <br />
    <b>
      Email:
    </b>
     
    admin@admin.dog
    <br />
    <b>
      Role:
    </b>
     
    Admin
    <br />
    <b>
      Create Time:
    </b>
     
    2019-04-22T10:29:35.000Z
    <br />
  </p>
</Container>
`;
